// Jest Snapshot v1, https://goo.gl/fbAQLP

exports[`Header Should render a navbar 1`] = `undefined`;
