// Jest Snapshot v1, https://goo.gl/fbAQLP

exports[`Home Component Should render a home page apperance 1`] = `<div />`;
