// Jest Snapshot v1, https://goo.gl/fbAQLP

exports[`Test Search component Should have a search button 1`] = `undefined`;
